bold italic underline reverse
                                                                                
                                                                                
                                                                                
                                                                                
                                                                                
                                                                                
                                
truecolour curly














