line 2978 of output
line 2979 of output
line 2980 of output
line 2981 of output
line 2982 of output
line 2983 of output
line 2984 of output
line 2985 of output
line 2986 of output
line 2987 of output
line 2988 of output
line 2989 of output
line 2990 of output
line 2991 of output
line 2992 of output
line 2993 of output
line 2994 of output
line 2995 of output
line 2996 of output
line 2997 of output
line 2998 of output
line 2999 of output
line 3000 of output
