  1 line 1: one
  2 line 2: two
  3 line 3: three
  4 line 4: four
  5 line 5: five
  6 line 6: six
  7 line 7: seven
  8 line 8: eight
  9 line 9: nine
 10 line 10: ten
 11 line 11: eleven
 12 line 12: twelve
 13 line 13: zero
 14 line 14: one
 15 line 15: two
 16 line 16: three
 17 line 17: four
 18 line 18: five
 19 line 19: six
 20 line 20: seven
 21 line 21: eight
 22 line 22: nine
 23 line 23: ten
/seven